Microchip MPLAB XC8 Compiler V2.46

Linker command line:

-W-3 \
  --edf=C:\Program Files\Microchip\xc8\v2.46\pic\dat\20240104201356_en.msgs \
  -cn -h+dist/default/production\PowerBoard.X.production.sym \
  --cmf=dist/default/production\PowerBoard.X.production.cmf -z -Q18F45K50 \
  -oC:\Users\Administrator\AppData\Local\Temp\xcAs16n0.\driver_tmp_3.o \
  --defsym=__MPLAB_BUILD=1 --fixupoverflow=error \
  -Mdist/default/production/PowerBoard.X.production.map \
  --md=C:\Users\Administrator\AppData\Local\Temp\xcAs16n0.\driver_tmp_0.dat \
  -E1 -ver=XC8 Compiler --acfsm=1493 -ACODE=00h-07FFFh -ACONST=00h-07FFFh \
  -ASMALLCONST=0800h-08FFhx120 -AMEDIUMCONST=0800h-07FFFh -ACOMRAM=01h-05Fh \
  -AABS1=00h-07FFh -ABIGRAM=01h-07FFh -ARAM=060h-0FFh,0100h-01FFhx7 \
  -ABANK0=060h-0FFh -ABANK1=0100h-01FFh -ABANK2=0200h-02FFh \
  -ABANK3=0300h-03FFh -ABANK4=0400h-04FFh -ABANK5=0500h-05FFh \
  -ABANK6=0600h-06FFh -ABANK7=0700h-07FFh -ASFR=0F53h-0F5Fh,0F60h-0FFFh \
  -ABIGSFR=0F53h-0FFFh -ACONFIG=0300000h-030000Dh -AIDLOC=0200000h-0200007h \
  -AEEDATA=0F00000h-0F000FFh -peeprom_data=EEDATA \
  -preset_vec=00h,intcode=8h,intcodelo,powerup,init -pramtop=0800h \
  -psmallconst=SMALLCONST -pmediumconst=MEDIUMCONST -pconst=CONST \
  -AFARRAM=00h-00h \
  -prdata=COMRAM,nvrram=COMRAM,nvbit=COMRAM,rbss=COMRAM,rbit=COMRAM \
  -pfarbss=FARRAM,fardata=FARRAM,nvFARRAM=FARRAM \
  -pintsave_regs=BIGRAM,bigbss=BIGRAM,bigdata=BIGRAM -pbss=RAM \
  -pidata=CODE,irdata=CODE,ibigdata=CODE,ifardata=CODE -prparam=COMRAM \
  C:\Users\Administrator\AppData\Local\Temp\xcAs16n0.\driver_tmp_14.o \
  dist/default/production\PowerBoard.X.production.o 

Object code version is 3.11

Machine type is 18F45K50



                Name                               Link     Load   Length Selector   Space Scale
C:\Users\Administrator\AppData\Local\Temp\xcAs16n0.\driver_tmp_14.o
                config                           300000   300000        E        0       4
                init                                 AC       AC        4        4       0
                reset_vec                             0        0        4        0       0
dist/default/production\PowerBoard.X.production.o
                intcode                               8        8       A4        4       0
                config                           300000   300000        E        0       4
                temp                                 52       52        1        1       1
                smallconst                          800      800       B4      400       0
                text94                             3BF8     3BF8        2      45A       0
                text93                             3BD0     3BD0        6      45A       0
                text92                             3BF2     3BF2        4      45A       0
                text91                             3BEE     3BEE        4      45A       0
                text90                             3BCA     3BCA        6      45A       0
                text89                             38CE     38CE       2C      45A       0
                text88                             3BEA     3BEA        4      45A       0
                text87                             3BC4     3BC4        6      45A       0
                text86                             3BE6     3BE6        4      45A       0
                text85                             3ADC     3ADC       14      45A       0
                text84                             3BBE     3BBE        6      45A       0
                text83                             3BE2     3BE2        4      45A       0
                text82                             3BDE     3BDE        4      45A       0
                text81                             3BA4     3BA4        8      45A       0
                text80                             3BDA     3BDA        4      45A       0
                text79                             342E     342E       5C      45A       0
                text78                             3B9C     3B9C        8      45A       0
                text77                             3B38     3B38        C      45A       0
                text76                             3B2C     3B2C        C      45A       0
                text75                             329A     329A       74      45A       0
                text74                             3B8A     3B8A        A      45A       0
                text73                             3B80     3B80        A      45A       0
                text72                             3B20     3B20        C      45A       0
                text71                             3B14     3B14        C      45A       0
                text70                             33D2     33D2       5C      45A       0
                text69                             3BB8     3BB8        6      45A       0
                text68                             3AC8     3AC8       14      45A       0
                text67                             3AB4     3AB4       14      45A       0
                text66                             3AA0     3AA0       14      45A       0
                text65                             3164     3164       9C      45A       0
                text64                             3BB2     3BB2        6      45A       0
                text62                             3698     3698       42      45A       0
                text61                             175C     175C      42A      45A       0
                text60                             246C     246C      1B4      45A       0
                text59                             3200     3200       9A      45A       0
                text58                             38FA     38FA       2A      45A       0
                text57                             3BD6     3BD6        4      45A       0
                text56                             3B76     3B76        A      45A       0
                text55                             357C     357C       4C      45A       0
                text54                             39BC     39BC       22      45A       0
                text53                             3A88     3A88       18      45A       0
                text52                             3B02     3B02       12      45A       0
                text51                             3AF0     3AF0       12      45A       0
                text50                             3A6C     3A6C       1C      45A       0
                text49                             3A50     3A50       1C      45A       0
                text48                             37FC     37FC       38      45A       0
                text47                             3A34     3A34       1C      45A       0
                text46                             3BAC     3BAC        6      45A       0
                text45                             394C     394C       28      45A       0
                text44                             3B6C     3B6C        A      45A       0
                text43                             3B62     3B62        A      45A       0
                text42                             3B58     3B58        A      45A       0
                text41                             3868     3868       34      45A       0
                text40                             35C8     35C8       48      45A       0
                text39                             3B4E     3B4E        A      45A       0
                text38                             3A18     3A18       1C      45A       0
                text37                             399A     399A       22      45A       0
                text36                             3B44     3B44        A      45A       0
                text35                             3530     3530       4C      45A       0
                text34                             39FC     39FC       1C      45A       0
                text33                             3924     3924       28      45A       0
                text32                             3B94     3B94        8      45A       0
                text31                             39DE     39DE       1E      45A       0
                text30                             3374     3374       5E      45A       0
                text29                             2DF6     2DF6       C4      45A       0
                text28                             2EBA     2EBA       B0      45A       0
                text27                             3834     3834       34      45A       0
                text26                             3BF6     3BF6        2      45A       0
                text25                             3014     3014       AA      45A       0
                text24                             36DA     36DA       40      45A       0
                text23                             330E     330E       66      45A       0
                text22                             27A4     27A4      17A      45A       0
                text21                             1B86     1B86      39A      45A       0
                text20                             2F6A     2F6A       AA      45A       0
                text19                             2B28     2B28      104      45A       0
                text18                             37C4     37C4       38      45A       0
                text17                             129C     129C      4C0      45A       0
                text16                             3610     3610       46      45A       0
                text15                             291E     291E      106      45A       0
                text14                             2C2C     2C2C       FE      45A       0
                text13                             225A     225A      212      45A       0
                text12                             348A     348A       56      45A       0
                text11                             34E0     34E0       50      45A       0
                text10                             371A     371A       3A      45A       0
                text9                               8B4      8B4      9E8      45A       0
                text8                              3974     3974       26      45A       0
                text7                              30BE     30BE       A6      45A       0
                text6                              2A24     2A24      104      45A       0
                text5                              1F20     1F20      33A      45A       0
                text4                              3656     3656       42      45A       0
                text3                              378C     378C       38      45A       0
                text2                              3754     3754       38      45A       0
                text1                              2D2A     2D2A       CC      45A       0
                text0                              2620     2620      184      45A       0
                cstackCOMRAM                          1        1       43        1       1
                cstackBANK0                          60       60       77       60       1
                bssBANK1                            100      100       50      100       1
                bssBANK0                             D7       D7       1D       60       1
                bssCOMRAM                            44       44        E        1       1
                cinit                              389C     389C       32      45A       0

TOTAL           Name                               Link     Load   Length     Space
        CLASS   CODE           
                intcode                               8        8       A4         0
                init                                 AC       AC        4         0
                reset_vec                             0        0        4         0
                text94                             3BF8     3BF8        2         0
                text93                             3BD0     3BD0        6         0
                text92                             3BF2     3BF2        4         0
                text91                             3BEE     3BEE        4         0
                text90                             3BCA     3BCA        6         0
                text89                             38CE     38CE       2C         0
                text88                             3BEA     3BEA        4         0
                text87                             3BC4     3BC4        6         0
                text86                             3BE6     3BE6        4         0
                text85                             3ADC     3ADC       14         0
                text84                             3BBE     3BBE        6         0
                text83                             3BE2     3BE2        4         0
                text82                             3BDE     3BDE        4         0
                text81                             3BA4     3BA4        8         0
                text80                             3BDA     3BDA        4         0
                text79                             342E     342E       5C         0
                text78                             3B9C     3B9C        8         0
                text77                             3B38     3B38        C         0
                text76                             3B2C     3B2C        C         0
                text75                             329A     329A       74         0
                text74                             3B8A     3B8A        A         0
                text73                             3B80     3B80        A         0
                text72                             3B20     3B20        C         0
                text71                             3B14     3B14        C         0
                text70                             33D2     33D2       5C         0
                text69                             3BB8     3BB8        6         0
                text68                             3AC8     3AC8       14         0
                text67                             3AB4     3AB4       14         0
                text66                             3AA0     3AA0       14         0
                text65                             3164     3164       9C         0
                text64                             3BB2     3BB2        6         0
                text62                             3698     3698       42         0
                text61                             175C     175C      42A         0
                text60                             246C     246C      1B4         0
                text59                             3200     3200       9A         0
                text58                             38FA     38FA       2A         0
                text57                             3BD6     3BD6        4         0
                text56                             3B76     3B76        A         0
                text55                             357C     357C       4C         0
                text54                             39BC     39BC       22         0
                text53                             3A88     3A88       18         0
                text52                             3B02     3B02       12         0
                text51                             3AF0     3AF0       12         0
                text50                             3A6C     3A6C       1C         0
                text49                             3A50     3A50       1C         0
                text48                             37FC     37FC       38         0
                text47                             3A34     3A34       1C         0
                text46                             3BAC     3BAC        6         0
                text45                             394C     394C       28         0
                text44                             3B6C     3B6C        A         0
                text43                             3B62     3B62        A         0
                text42                             3B58     3B58        A         0
                text41                             3868     3868       34         0
                text40                             35C8     35C8       48         0
                text39                             3B4E     3B4E        A         0
                text38                             3A18     3A18       1C         0
                text37                             399A     399A       22         0
                text36                             3B44     3B44        A         0
                text35                             3530     3530       4C         0
                text34                             39FC     39FC       1C         0
                text33                             3924     3924       28         0
                text32                             3B94     3B94        8         0
                text31                             39DE     39DE       1E         0
                text30                             3374     3374       5E         0
                text29                             2DF6     2DF6       C4         0
                text28                             2EBA     2EBA       B0         0
                text27                             3834     3834       34         0
                text26                             3BF6     3BF6        2         0
                text25                             3014     3014       AA         0
                text24                             36DA     36DA       40         0
                text23                             330E     330E       66         0
                text22                             27A4     27A4      17A         0
                text21                             1B86     1B86      39A         0
                text20                             2F6A     2F6A       AA         0
                text19                             2B28     2B28      104         0
                text18                             37C4     37C4       38         0
                text17                             129C     129C      4C0         0
                text16                             3610     3610       46         0
                text15                             291E     291E      106         0
                text14                             2C2C     2C2C       FE         0
                text13                             225A     225A      212         0
                text12                             348A     348A       56         0
                text11                             34E0     34E0       50         0
                text10                             371A     371A       3A         0
                text9                               8B4      8B4      9E8         0
                text8                              3974     3974       26         0
                text7                              30BE     30BE       A6         0
                text6                              2A24     2A24      104         0
                text5                              1F20     1F20      33A         0
                text4                              3656     3656       42         0
                text3                              378C     378C       38         0
                text2                              3754     3754       38         0
                text1                              2D2A     2D2A       CC         0
                text0                              2620     2620      184         0
                cinit                              389C     389C       32         0

        CLASS   CONST          

        CLASS   SMALLCONST     
                smallconst                          800      800       B4         0

        CLASS   MEDIUMCONST    

        CLASS   COMRAM         
                temp                                 52       52        1         1
                cstackCOMRAM                          1        1       43         1
                bssCOMRAM                            44       44        E         1

        CLASS   ABS1           

        CLASS   BIGRAM         

        CLASS   RAM            

        CLASS   BANK0          
                cstackBANK0                          60       60       77         1
                bssBANK0                             D7       D7       1D         1

        CLASS   BANK1          
                bssBANK1                            100      100       50         1

        CLASS   BANK2          

        CLASS   BANK3          

        CLASS   BANK4          

        CLASS   BANK5          

        CLASS   BANK6          

        CLASS   BANK7          

        CLASS   SFR            

        CLASS   BIGSFR         

        CLASS   CONFIG         
                config                           300000   300000        E         4

        CLASS   IDLOC          

        CLASS   EEDATA         

        CLASS   FARRAM         

        CLASS   HEAP           

        CLASS   STACK          



SEGMENTS        Name                           Load    Length   Top    Selector   Space  Class

                reset_vec                      000000  000004  000004         0       0  CODE    
                cstackCOMRAM                   000001  000052  000053         1       1  COMRAM  
                intcode                        000008  0000A8  0000B0         4       0  CODE    
                cstackBANK0                    000060  000094  0000F4        60       1  BANK0   
                bssBANK1                       000100  000050  000150       100       1  BANK1   
                smallconst                     000800  0000B4  0008B4       400       0  SMALLCON
                text9                          0008B4  003346  003BFA       45A       0  CODE    


UNUSED ADDRESS RANGES

        Name                Unused          Largest block    Delta
        BANK0            0000F4-0000FF                C
        BANK1            000150-0001FF               B0
        BANK2            000200-0002FF              100
        BANK3            000300-0003FF              100
        BANK4            000400-0004FF              100
        BANK5            000500-0005FF              100
        BANK6            000600-0006FF              100
        BANK7            000700-0007FF              100
        BIGRAM           000053-00005F                D
                         0000F4-0000FF                C
                         000150-0007FF              6B0
        BIGSFR           000F53-000FFF               AD
        CODE             000004-000007                4
                         0000B0-0007FF              750
                         003BFA-007FFF             4406
        COMRAM           000053-00005F                D
        CONST            000004-000007                4
                         0000B0-0007FF              750
                         003BFA-007FFF             4406
        EEDATA           F00000-F000FF              100
        IDLOC            200000-200007                8
        MEDIUMCONST      003BFA-007FFF             4406
        RAM              0000F4-0000FF                C
                         000150-0007FF              100
        SFR              000F53-000FFF                D
        SMALLCONST       003BFA-007FFF              100

                                  Symbol Table

?_ADC_GetConversion                                  cstackCOMRAM 00000E
?_LM35_GetTemperature                                cstackCOMRAM 000035
?_ReadData                                           cstackCOMRAM 000014
?___awdiv                                            cstackCOMRAM 00000E
?___awmod                                            cstackCOMRAM 00000E
?___fladd                                            cstackCOMRAM 00000E
?___fldiv                                            cstackCOMRAM 00000E
?___flmul                                            cstackCOMRAM 00001C
?___flneg                                            cstackCOMRAM 00000E
?___flsub                                            cstackCOMRAM 000035
?___fltol                                            cstackCOMRAM 00000E
?___fpclassifyf                                      cstackCOMRAM 00000E
?___wmul                                             cstackCOMRAM 00000E
?___xxtofl                                           cstackCOMRAM 00000E
?_abs                                                cstackCOMRAM 000014
?_floorf                                             cstackCOMRAM 000027
?_labs                                               cstackCOMRAM 00000E
?_read_prec_or_width                                 cstackCOMRAM 000014
?_sprintf                                            cstackBANK0  0000A0
?_update_PWM_duty_cycle                              cstackBANK0  000060
?_vfprintf                                           cstackBANK0  00009C
ADC_GetConversion@channel                            cstackCOMRAM 000012
CCP2_LoadDutyValue@dutyValue                         cstackCOMRAM 00000E
EUSART1_FramingErrorCallbackRegister@callbackHandler cstackCOMRAM 00000E
EUSART1_OverrunErrorCallbackRegister@callbackHandler cstackCOMRAM 00000E
EUSART1_Send@txData                                  cstackCOMRAM 00000F
EUSART1_Write@txData                                 cstackCOMRAM 00000E
I2C1_CallbackRegister@callbackHandler                cstackCOMRAM 00000E
I2C1_DataTransmit@data                               cstackCOMRAM 000001
I2C1_EVENT_ERROR@retEventState                       cstackCOMRAM 000001
I2C1_EVENT_NACK@retEventState                        cstackCOMRAM 000001
I2C1_EVENT_RX@retEventState                          cstackCOMRAM 000001
I2C1_EVENT_TX@retEventState                          cstackCOMRAM 000002
I2C1_Read@address                                    cstackCOMRAM 00000F
I2C1_Read@data                                       cstackCOMRAM 000011
I2C1_Read@dataLength                                 cstackCOMRAM 000012
I2C1_Write@address                                   cstackCOMRAM 00000F
I2C1_Write@data                                      cstackCOMRAM 000011
I2C1_Write@dataLength                                cstackCOMRAM 000012
INT0_SetInterruptHandler@InterruptHandler            cstackCOMRAM 00000E
INT1_SetInterruptHandler@InterruptHandler            cstackCOMRAM 00000E
INT2_SetInterruptHandler@InterruptHandler            cstackCOMRAM 00000E
LM35_GetTemperature@adc_result                       cstackCOMRAM 000041
LM35_GetTemperature@temperature                      cstackCOMRAM 00003D
LM35_GetTemperature@voltage                          cstackCOMRAM 000039
ReadData@data                                        cstackCOMRAM 000016
SendCommand@command                                  cstackCOMRAM 000014
TMR2_OverflowCallbackRegister@InterruptHandler       cstackCOMRAM 00000E
UART_Send_String@string                              cstackCOMRAM 000010
_ACTCON                                              (abs)        000FB5
_ADCON0                                              (abs)        000FC2
_ADCON0bits                                          (abs)        000FC2
_ADCON1                                              (abs)        000FC1
_ADCON2                                              (abs)        000FC0
_ADC_GetConversion                                   text62       003698
_ADC_Initialize                                      text53       003A88
_ADRESH                                              (abs)        000FC4
_ADRESL                                              (abs)        000FC3
_ANSELA                                              (abs)        000F5B
_ANSELB                                              (abs)        000F5C
_ANSELC                                              (abs)        000F5D
_ANSELD                                              (abs)        000F5E
_ANSELE                                              (abs)        000F5F
_BAUDCON1                                            (abs)        000FB8
_BAUDCON1bits                                        (abs)        000FB8
_CCP2CON                                             (abs)        000F97
_CCP2_Initialize                                     text52       003B02
_CCP2_LoadDutyValue                                  text2        003754
_CCPR2H                                              (abs)        000F91
_CCPR2L                                              (abs)        000F90
_CCPTMRSbits                                         (abs)        000F59
_CLOCK_Initialize                                    text51       003AF0
_EUSART1_AutoBaudQuery                               (abs)        000000
_EUSART1_AutoBaudSet                                 (abs)        000000
_EUSART1_DefaultFramingErrorCallback                 (abs)        000000
_EUSART1_DefaultOverrunErrorCallback                 (abs)        000000
_EUSART1_Deinitialize                                (abs)        000000
_EUSART1_ErrorGet                                    (abs)        000000
_EUSART1_FramingErrorCallbackRegister                text50       003A6C
_EUSART1_FramingErrorHandler                         bssBANK0     0000E9
_EUSART1_Initialize                                  text48       0037FC
_EUSART1_IsRxReady                                   (abs)        000000
_EUSART1_IsTxDone                                    (abs)        000000
_EUSART1_IsTxReady                                   text33       003924
_EUSART1_IsTxReady$1122                              cstackCOMRAM 00000E
_EUSART1_OverrunErrorCallbackRegister                text49       003A50
_EUSART1_OverrunErrorHandler                         bssBANK0     0000E7
_EUSART1_Read                                        (abs)        000000
_EUSART1_Send                                        text31       0039DE
_EUSART1_TransmitDisable                             (abs)        000000
_EUSART1_TransmitEnable                              (abs)        000000
_EUSART1_Write                                       text32       003B94
_I2C1_AckSend                                        text87       003BC4
_I2C1_BusReset                                       text93       003BD0
_I2C1_Callback                                       bssBANK0     0000E5
_I2C1_CallbackRegister                               text47       003A34
_I2C1_Close                                          text89       0038CE
_I2C1_DataReceive                                    text86       003BE6
_I2C1_DataTransmit                                   text81       003BA4
_I2C1_DefaultCallback                                text94       003BF8
_I2C1_Deinitialize                                   (abs)        000000
_I2C1_ERROR_ISR                                      text69       003BB8
_I2C1_EVENT_ERROR                                    text73       003B80
_I2C1_EVENT_IDLE                                     text78       003B9C
_I2C1_EVENT_NACK                                     text74       003B8A
_I2C1_EVENT_RESET                                    text71       003B14
_I2C1_EVENT_RX                                       text75       00329A
_I2C1_EVENT_SEND_RD_ADDR                             text77       003B38
_I2C1_EVENT_SEND_WR_ADDR                             text76       003B2C
_I2C1_EVENT_STOP                                     text72       003B20
_I2C1_EVENT_TX                                       text79       00342E
_I2C1_ErrorEventHandler                              text70       0033D2
_I2C1_ErrorGet                                       (abs)        000000
_I2C1_ErrorInterruptClear                            text92       003BF2
_I2C1_EventHandler                                   text65       003164
_I2C1_Host                                           smallconst   000831
_I2C1_ISR                                            text64       003BB2
_I2C1_Initialize                                     text45       00394C
_I2C1_InterruptClear                                 text91       003BEE
_I2C1_InterruptsEnable                               text46       003BAC
_I2C1_IsAddr                                         text68       003AC8
_I2C1_IsBusy                                         text58       0038FA
_I2C1_IsBusy$1857                                    cstackCOMRAM 00000E
_I2C1_IsData                                         text67       003AB4
_I2C1_IsNack                                         text66       003AA0
_I2C1_IsRxBufFull                                    text85       003ADC
_I2C1_NackSend                                       text84       003BBE
_I2C1_Read                                           text55       00357C
_I2C1_ReadStart                                      text56       003B76
_I2C1_ReceiveEnable                                  text83       003BE2
_I2C1_RestartDisable                                 text82       003BDE
_I2C1_RestartEnable                                  text80       003BDA
_I2C1_StartSend                                      text57       003BD6
_I2C1_StatusFlagsClear                               text90       003BCA
_I2C1_StopSend                                       text88       003BEA
_I2C1_Write                                          text35       003530
_I2C1_WriteRead                                      (abs)        000000
_I2C1_WriteStart                                     text36       003B44
_INT0_DefaultInterruptHandler                        (abs)        000000
_INT0_InterruptHandler                               bssBANK0     0000F1
_INT0_SetInterruptHandler                            text44       003B6C
_INT1_DefaultInterruptHandler                        (abs)        000000
_INT1_InterruptHandler                               bssBANK0     0000EF
_INT1_SetInterruptHandler                            text43       003B62
_INT2_DefaultInterruptHandler                        (abs)        000000
_INT2_InterruptHandler                               bssBANK0     0000ED
_INT2_SetInterruptHandler                            text42       003B58
_INTCON2bits                                         (abs)        000FF1
_INTCON3bits                                         (abs)        000FF0
_INTCONbits                                          (abs)        000FF2
_INTERRUPT_Initialize                                text41       003868
_INTERRUPT_InterruptManager                          intcode      000008
_IOCB                                                (abs)        000F86
_IOCC                                                (abs)        000F87
_LATA                                                (abs)        000F89
_LATB                                                (abs)        000F8A
_LATC                                                (abs)        000F8B
_LATD                                                (abs)        000F8C
_LATDbits                                            (abs)        000F8C
_LATE                                                (abs)        000F8D
_LM35_GetTemperature                                 text59       003200
_OSCCON                                              (abs)        000FD3
_OSCCON2                                             (abs)        000FD2
_OSCTUNE                                             (abs)        000F9B
_PIE1bits                                            (abs)        000F9D
_PIE2bits                                            (abs)        000FA0
_PIN_MANAGER_Initialize                              text40       0035C8
_PIR1bits                                            (abs)        000F9E
_PIR2bits                                            (abs)        000FA1
_PR2                                                 (abs)        000FBB
_RCONbits                                            (abs)        000FD0
_RCREG1                                              (abs)        000FAE
_RCSTA1                                              (abs)        000FAB
_RCSTA1bits                                          (abs)        000FAB
_ReadData                                            text54       0039BC
_SPBRG1                                              (abs)        000FAF
_SPBRGH1                                             (abs)        000FB0
_SSP1ADD                                             (abs)        000FC8
_SSP1BUF                                             (abs)        000FC9
_SSP1CON1                                            (abs)        000FC6
_SSP1CON1bits                                        (abs)        000FC6
_SSP1CON2                                            (abs)        000FC5
_SSP1CON2bits                                        (abs)        000FC5
_SSP1CON3                                            (abs)        000FCB
_SSP1STAT                                            (abs)        000FC7
_SSP1STATbits                                        (abs)        000FC7
_SYSTEM_Initialize                                   text37       00399A
_SendCommand                                         text34       0039FC
_T2CON                                               (abs)        000FBA
_T2CONbits                                           (abs)        000FBA
_TMR2                                                (abs)        000FBC
_TMR2_DefaultOverflowCallback                        (abs)        000000
_TMR2_Initialize                                     text38       003A18
_TMR2_OverflowCallback                               bssBANK0     0000E3
_TMR2_OverflowCallbackRegister                       text39       003B4E
_TRISA                                               (abs)        000F92
_TRISB                                               (abs)        000F93
_TRISC                                               (abs)        000F94
_TRISD                                               (abs)        000F95
_TRISE                                               (abs)        000F96
_TXREG1                                              (abs)        000FAD
_TXSTA1                                              (abs)        000FAC
_TXSTA1bits                                          (abs)        000FAC
_UART1                                               smallconst   000801
_UART_Send_String                                    text30       003374
_WPUB                                                (abs)        000F85
__HRAM                                               (abs)        000000
__H__absolute__                                      __absolute__ 000000
__Habs1                                              abs1         000000
__Hbank0                                             bank0        000000
__Hbank1                                             bank1        000000
__Hbank2                                             bank2        000000
__Hbank3                                             bank3        000000
__Hbank4                                             bank4        000000
__Hbank5                                             bank5        000000
__Hbank6                                             bank6        000000
__Hbank7                                             bank7        000000
__Hbigbss                                            bigbss       000000
__Hbigdata                                           bigdata      000000
__Hbigram                                            bigram       000000
__Hbigsfr                                            bigsfr       000000
__Hbss                                               bss          000000
__HbssBANK0                                          bssBANK0     000000
__HbssBANK1                                          bssBANK1     000000
__HbssCOMRAM                                         bssCOMRAM    000000
__Hcinit                                             cinit        000000
__Hclrtext                                           clrtext      000000
__Hcomram                                            comram       000000
__Hconfig                                            config       30000E
__Hconst                                             const        000000
__HcstackBANK0                                       cstackBANK0  000000
__HcstackCOMRAM                                      cstackCOMRAM 000000
__Hdata                                              data         000000
__Heeprom_data                                       eeprom_data  000000
__Hfarbss                                            farbss       000000
__Hfardata                                           fardata      000000
__Hheap                                              heap         000000
__Hibigdata                                          ibigdata     000000
__Hidata                                             idata        000000
__Hidloc                                             idloc        000000
__Hifardata                                          ifardata     000000
__Hinit                                              init         0000B0
__Hintcode                                           intcode      0000AC
__Hintcode_body                                      intcode_body 000000
__Hintcodelo                                         intcodelo    0000AC
__Hintentry                                          intentry     000000
__Hintret                                            intret       000000
__Hintsave_regs                                      intsave_regs 000000
__Hirdata                                            irdata       000000
__Hmediumconst                                       mediumconst  000000
__HnvFARRAM                                          nvFARRAM     000000
__Hnvbit                                             nvbit        000000
__Hnvrram                                            nvrram       000000
__Hparam                                             rparam       000000
__Hpowerup                                           powerup      0000AC
__Hram                                               ram          000000
__Hramtop                                            ramtop       000800
__Hrbit                                              rbit         000000
__Hrbss                                              rbss         000000
__Hrdata                                             rdata        000000
__Hreset_vec                                         reset_vec    000004
__Hrparam                                            rparam       000000
__Hsfr                                               sfr          000000
__Hsivt_hi                                           sivt_hi      000000
__Hsivt_lo                                           sivt_lo      000000
__Hsmallconst                                        smallconst   0008B4
__Hspace_0                                           (abs)        003BFA
__Hspace_1                                           (abs)        000150
__Hspace_2                                           (abs)        000000
__Hspace_4                                           (abs)        60000E
__Hstack                                             stack        000000
__Hstruct                                            struct       000000
__Htemp                                              temp         000053
__Htext                                              text         000000
__Htext0                                             text0        000000
__Htext1                                             text1        000000
__Htext10                                            text10       000000
__Htext11                                            text11       000000
__Htext12                                            text12       000000
__Htext13                                            text13       000000
__Htext14                                            text14       000000
__Htext15                                            text15       000000
__Htext16                                            text16       000000
__Htext17                                            text17       000000
__Htext18                                            text18       000000
__Htext19                                            text19       000000
__Htext2                                             text2        000000
__Htext20                                            text20       000000
__Htext21                                            text21       000000
__Htext22                                            text22       000000
__Htext23                                            text23       000000
__Htext24                                            text24       000000
__Htext25                                            text25       000000
__Htext26                                            text26       000000
__Htext27                                            text27       000000
__Htext28                                            text28       000000
__Htext29                                            text29       000000
__Htext3                                             text3        000000
__Htext30                                            text30       000000
__Htext31                                            text31       000000
__Htext32                                            text32       000000
__Htext33                                            text33       000000
__Htext34                                            text34       000000
__Htext35                                            text35       000000
__Htext36                                            text36       000000
__Htext37                                            text37       000000
__Htext38                                            text38       000000
__Htext39                                            text39       000000
__Htext4                                             text4        000000
__Htext40                                            text40       000000
__Htext41                                            text41       000000
__Htext42                                            text42       000000
__Htext43                                            text43       000000
__Htext44                                            text44       000000
__Htext45                                            text45       000000
__Htext46                                            text46       000000
__Htext47                                            text47       000000
__Htext48                                            text48       000000
__Htext49                                            text49       000000
__Htext5                                             text5        000000
__Htext50                                            text50       000000
__Htext51                                            text51       000000
__Htext52                                            text52       000000
__Htext53                                            text53       000000
__Htext54                                            text54       000000
__Htext55                                            text55       000000
__Htext56                                            text56       000000
__Htext57                                            text57       000000
__Htext58                                            text58       000000
__Htext59                                            text59       000000
__Htext6                                             text6        000000
__Htext60                                            text60       000000
__Htext61                                            text61       000000
__Htext62                                            text62       000000
__Htext64                                            text64       000000
__Htext65                                            text65       000000
__Htext66                                            text66       000000
__Htext67                                            text67       000000
__Htext68                                            text68       000000
__Htext69                                            text69       000000
__Htext7                                             text7        000000
__Htext70                                            text70       000000
__Htext71                                            text71       000000
__Htext72                                            text72       000000
__Htext73                                            text73       000000
__Htext74                                            text74       000000
__Htext75                                            text75       000000
__Htext76                                            text76       000000
__Htext77                                            text77       000000
__Htext78                                            text78       000000
__Htext79                                            text79       000000
__Htext8                                             text8        000000
__Htext80                                            text80       000000
__Htext81                                            text81       000000
__Htext82                                            text82       000000
__Htext83                                            text83       000000
__Htext84                                            text84       000000
__Htext85                                            text85       000000
__Htext86                                            text86       000000
__Htext87                                            text87       000000
__Htext88                                            text88       000000
__Htext89                                            text89       000000
__Htext9                                             text9        000000
__Htext90                                            text90       000000
__Htext91                                            text91       000000
__Htext92                                            text92       000000
__Htext93                                            text93       000000
__Htext94                                            text94       000000
__LRAM                                               (abs)        000001
__L__absolute__                                      __absolute__ 000000
__Labs1                                              abs1         000000
__Lbank0                                             bank0        000000
__Lbank1                                             bank1        000000
__Lbank2                                             bank2        000000
__Lbank3                                             bank3        000000
__Lbank4                                             bank4        000000
__Lbank5                                             bank5        000000
__Lbank6                                             bank6        000000
__Lbank7                                             bank7        000000
__Lbigbss                                            bigbss       000000
__Lbigdata                                           bigdata      000000
__Lbigram                                            bigram       000000
__Lbigsfr                                            bigsfr       000000
__Lbss                                               bss          000000
__LbssBANK0                                          bssBANK0     000000
__LbssBANK1                                          bssBANK1     000000
__LbssCOMRAM                                         bssCOMRAM    000000
__Lcinit                                             cinit        000000
__Lclrtext                                           clrtext      000000
__Lcomram                                            comram       000000
__Lconfig                                            config       000000
__Lconst                                             const        000000
__LcstackBANK0                                       cstackBANK0  000000
__LcstackCOMRAM                                      cstackCOMRAM 000000
__Ldata                                              data         000000
__Leeprom_data                                       eeprom_data  000000
__Lfarbss                                            farbss       000000
__Lfardata                                           fardata      000000
__Lheap                                              heap         000000
__Libigdata                                          ibigdata     000000
__Lidata                                             idata        000000
__Lidloc                                             idloc        000000
__Lifardata                                          ifardata     000000
__Linit                                              init         0000AC
__Lintcode                                           intcode      000008
__Lintcode_body                                      intcode_body 000000
__Lintcodelo                                         intcodelo    0000AC
__Lintentry                                          intentry     000000
__Lintret                                            intret       000000
__Lintsave_regs                                      intsave_regs 000000
__Lirdata                                            irdata       000000
__Lmediumconst                                       mediumconst  000000
__LnvFARRAM                                          nvFARRAM     000000
__Lnvbit                                             nvbit        000000
__Lnvrram                                            nvrram       000000
__Lparam                                             rparam       000000
__Lpowerup                                           powerup      0000AC
__Lram                                               ram          000000
__Lramtop                                            ramtop       000800
__Lrbit                                              rbit         000000
__Lrbss                                              rbss         000000
__Lrdata                                             rdata        000000
__Lreset_vec                                         reset_vec    000000
__Lrparam                                            rparam       000000
__Lsfr                                               sfr          000000
__Lsivt_hi                                           sivt_hi      000000
__Lsivt_lo                                           sivt_lo      000000
__Lsmallconst                                        smallconst   000800
__Lspace_0                                           (abs)        000000
__Lspace_1                                           (abs)        000000
__Lspace_2                                           (abs)        000000
__Lspace_4                                           (abs)        000000
__Lstack                                             stack        000000
__Lstruct                                            struct       000000
__Ltemp                                              temp         000052
__Ltext                                              text         000000
__Ltext0                                             text0        000000
__Ltext1                                             text1        000000
__Ltext10                                            text10       000000
__Ltext11                                            text11       000000
__Ltext12                                            text12       000000
__Ltext13                                            text13       000000
__Ltext14                                            text14       000000
__Ltext15                                            text15       000000
__Ltext16                                            text16       000000
__Ltext17                                            text17       000000
__Ltext18                                            text18       000000
__Ltext19                                            text19       000000
__Ltext2                                             text2        000000
__Ltext20                                            text20       000000
__Ltext21                                            text21       000000
__Ltext22                                            text22       000000
__Ltext23                                            text23       000000
__Ltext24                                            text24       000000
__Ltext25                                            text25       000000
__Ltext26                                            text26       000000
__Ltext27                                            text27       000000
__Ltext28                                            text28       000000
__Ltext29                                            text29       000000
__Ltext3                                             text3        000000
__Ltext30                                            text30       000000
__Ltext31                                            text31       000000
__Ltext32                                            text32       000000
__Ltext33                                            text33       000000
__Ltext34                                            text34       000000
__Ltext35                                            text35       000000
__Ltext36                                            text36       000000
__Ltext37                                            text37       000000
__Ltext38                                            text38       000000
__Ltext39                                            text39       000000
__Ltext4                                             text4        000000
__Ltext40                                            text40       000000
__Ltext41                                            text41       000000
__Ltext42                                            text42       000000
__Ltext43                                            text43       000000
__Ltext44                                            text44       000000
__Ltext45                                            text45       000000
__Ltext46                                            text46       000000
__Ltext47                                            text47       000000
__Ltext48                                            text48       000000
__Ltext49                                            text49       000000
__Ltext5                                             text5        000000
__Ltext50                                            text50       000000
__Ltext51                                            text51       000000
__Ltext52                                            text52       000000
__Ltext53                                            text53       000000
__Ltext54                                            text54       000000
__Ltext55                                            text55       000000
__Ltext56                                            text56       000000
__Ltext57                                            text57       000000
__Ltext58                                            text58       000000
__Ltext59                                            text59       000000
__Ltext6                                             text6        000000
__Ltext60                                            text60       000000
__Ltext61                                            text61       000000
__Ltext62                                            text62       000000
__Ltext64                                            text64       000000
__Ltext65                                            text65       000000
__Ltext66                                            text66       000000
__Ltext67                                            text67       000000
__Ltext68                                            text68       000000
__Ltext69                                            text69       000000
__Ltext7                                             text7        000000
__Ltext70                                            text70       000000
__Ltext71                                            text71       000000
__Ltext72                                            text72       000000
__Ltext73                                            text73       000000
__Ltext74                                            text74       000000
__Ltext75                                            text75       000000
__Ltext76                                            text76       000000
__Ltext77                                            text77       000000
__Ltext78                                            text78       000000
__Ltext79                                            text79       000000
__Ltext8                                             text8        000000
__Ltext80                                            text80       000000
__Ltext81                                            text81       000000
__Ltext82                                            text82       000000
__Ltext83                                            text83       000000
__Ltext84                                            text84       000000
__Ltext85                                            text85       000000
__Ltext86                                            text86       000000
__Ltext87                                            text87       000000
__Ltext88                                            text88       000000
__Ltext89                                            text89       000000
__Ltext9                                             text9        000000
__Ltext90                                            text90       000000
__Ltext91                                            text91       000000
__Ltext92                                            text92       000000
__Ltext93                                            text93       000000
__Ltext94                                            text94       000000
__S0                                                 (abs)        003BFA
__S1                                                 (abs)        000150
__S4                                                 (abs)        000000
__S5                                                 (abs)        000000
___awdiv                                             text29       002DF6
___awdiv@counter                                     cstackCOMRAM 000012
___awdiv@dividend                                    cstackCOMRAM 00000E
___awdiv@divisor                                     cstackCOMRAM 000010
___awdiv@quotient                                    cstackCOMRAM 000014
___awdiv@sign                                        cstackCOMRAM 000013
___awmod                                             text28       002EBA
___awmod@counter                                     cstackCOMRAM 000012
___awmod@dividend                                    cstackCOMRAM 00000E
___awmod@divisor                                     cstackCOMRAM 000010
___awmod@sign                                        cstackCOMRAM 000013
___fladd                                             text17       00129C
___fladd@a                                           cstackCOMRAM 000012
___fladd@aexp                                        cstackCOMRAM 00001B
___fladd@b                                           cstackCOMRAM 00000E
___fladd@bexp                                        cstackCOMRAM 00001C
___fladd@grs                                         cstackCOMRAM 00001D
___fladd@signs                                       cstackCOMRAM 00001A
___fldiv                                             text21       001B86
___fldiv@a                                           cstackCOMRAM 000012
___fldiv@aexp                                        cstackCOMRAM 000026
___fldiv@b                                           cstackCOMRAM 00000E
___fldiv@bexp                                        cstackCOMRAM 000025
___fldiv@grs                                         cstackCOMRAM 000021
___fldiv@new_exp                                     cstackCOMRAM 00001F
___fldiv@rem                                         cstackCOMRAM 00001A
___fldiv@sign                                        cstackCOMRAM 00001E
___fleq                                              text20       002F6A
___fleq@ff1                                          cstackCOMRAM 00000E
___fleq@ff2                                          cstackCOMRAM 000012
___flge                                              text19       002B28
___flge@ff1                                          cstackCOMRAM 000035
___flge@ff2                                          cstackCOMRAM 000039
___flmul                                             text61       00175C
___flmul@a                                           cstackCOMRAM 000020
___flmul@aexp                                        cstackCOMRAM 000029
___flmul@b                                           cstackCOMRAM 00001C
___flmul@bexp                                        cstackCOMRAM 00002E
___flmul@grs                                         cstackCOMRAM 00002A
___flmul@prod                                        cstackCOMRAM 00002F
___flmul@sign                                        cstackCOMRAM 000028
___flmul@temp                                        cstackCOMRAM 000033
___flneg                                             text18       0037C4
___flneg@f1                                          cstackCOMRAM 00000E
___flsub                                             text16       003610
___flsub@a                                           cstackCOMRAM 000039
___flsub@b                                           cstackCOMRAM 000035
___fltol                                             text15       00291E
___fltol@exp1                                        cstackCOMRAM 000017
___fltol@f1                                          cstackCOMRAM 00000E
___fltol@sign1                                       cstackCOMRAM 000016
___fpclassifyf                                       text14       002C2C
___fpclassifyf@F465                                  bssBANK0     0000DB
___fpclassifyf@e                                     cstackCOMRAM 000016
___fpclassifyf@u                                     cstackCOMRAM 000018
___fpclassifyf@x                                     cstackCOMRAM 00000E
___heap_hi                                           (abs)        000000
___heap_lo                                           (abs)        000000
___inthi_sp                                          stack        000000
___inthi_stack_hi                                    stack        000000
___inthi_stack_lo                                    stack        000000
___intlo_sp                                          stack        000000
___intlo_stack_hi                                    stack        000000
___intlo_stack_lo                                    stack        000000
___param_bank                                        (abs)        000000
___rparam_used                                       (abs)        000001
___sp                                                stack        000000
___stack_hi                                          stack        000000
___stack_lo                                          stack        000000
___wmul                                              text8        003974
___wmul@multiplicand                                 cstackCOMRAM 000010
___wmul@multiplier                                   cstackCOMRAM 00000E
___wmul@product                                      cstackCOMRAM 000012
___xxtofl                                            text60       00246C
___xxtofl@arg                                        cstackCOMRAM 000018
___xxtofl@exp                                        cstackCOMRAM 000017
___xxtofl@sign                                       cstackCOMRAM 000016
___xxtofl@val                                        cstackCOMRAM 00000E
__accesstop                                          (abs)        000060
__activetblptr                                       (abs)        000002
__end_of_ADC_GetConversion                           text62       0036DA
__end_of_ADC_Initialize                              text53       003AA0
__end_of_CCP2_Initialize                             text52       003B14
__end_of_CCP2_LoadDutyValue                          text2        00378C
__end_of_CLOCK_Initialize                            text51       003B02
__end_of_EUSART1_FramingErrorCallbackRegister        text50       003A88
__end_of_EUSART1_Initialize                          text48       003834
__end_of_EUSART1_IsTxReady                           text33       00394C
__end_of_EUSART1_OverrunErrorCallbackRegister        text49       003A6C
__end_of_EUSART1_Send                                text31       0039FC
__end_of_EUSART1_Write                               text32       003B9C
__end_of_I2C1_AckSend                                text87       003BCA
__end_of_I2C1_BusReset                               text93       003BD6
__end_of_I2C1_CallbackRegister                       text47       003A50
__end_of_I2C1_Close                                  text89       0038FA
__end_of_I2C1_DataReceive                            text86       003BEA
__end_of_I2C1_DataTransmit                           text81       003BAC
__end_of_I2C1_DefaultCallback                        text94       003BFA
__end_of_I2C1_ERROR_ISR                              text69       003BBE
__end_of_I2C1_EVENT_ERROR                            text73       003B8A
__end_of_I2C1_EVENT_IDLE                             text78       003BA4
__end_of_I2C1_EVENT_NACK                             text74       003B94
__end_of_I2C1_EVENT_RESET                            text71       003B20
__end_of_I2C1_EVENT_RX                               text75       00330E
__end_of_I2C1_EVENT_SEND_RD_ADDR                     text77       003B44
__end_of_I2C1_EVENT_SEND_WR_ADDR                     text76       003B38
__end_of_I2C1_EVENT_STOP                             text72       003B2C
__end_of_I2C1_EVENT_TX                               text79       00348A
__end_of_I2C1_ErrorEventHandler                      text70       00342E
__end_of_I2C1_ErrorInterruptClear                    text92       003BF6
__end_of_I2C1_EventHandler                           text65       003200
__end_of_I2C1_Host                                   smallconst   000845
__end_of_I2C1_ISR                                    text64       003BB8
__end_of_I2C1_Initialize                             text45       003974
__end_of_I2C1_InterruptClear                         text91       003BF2
__end_of_I2C1_InterruptsEnable                       text46       003BB2
__end_of_I2C1_IsAddr                                 text68       003ADC
__end_of_I2C1_IsBusy                                 text58       003924
__end_of_I2C1_IsData                                 text67       003AC8
__end_of_I2C1_IsNack                                 text66       003AB4
__end_of_I2C1_IsRxBufFull                            text85       003AF0
__end_of_I2C1_NackSend                               text84       003BC4
__end_of_I2C1_Read                                   text55       0035C8
__end_of_I2C1_ReadStart                              text56       003B80
__end_of_I2C1_ReceiveEnable                          text83       003BE6
__end_of_I2C1_RestartDisable                         text82       003BE2
__end_of_I2C1_RestartEnable                          text80       003BDE
__end_of_I2C1_StartSend                              text57       003BDA
__end_of_I2C1_StatusFlagsClear                       text90       003BD0
__end_of_I2C1_StopSend                               text88       003BEE
__end_of_I2C1_Write                                  text35       00357C
__end_of_I2C1_WriteStart                             text36       003B4E
__end_of_INT0_SetInterruptHandler                    text44       003B76
__end_of_INT1_SetInterruptHandler                    text43       003B6C
__end_of_INT2_SetInterruptHandler                    text42       003B62
__end_of_INTERRUPT_Initialize                        text41       00389C
__end_of_INTERRUPT_InterruptManager                  intcode      0000AC
__end_of_LM35_GetTemperature                         text59       00329A
__end_of_PIN_MANAGER_Initialize                      text40       003610
__end_of_ReadData                                    text54       0039DE
__end_of_SYSTEM_Initialize                           text37       0039BC
__end_of_SendCommand                                 text34       003A18
__end_of_TMR2_Initialize                             text38       003A34
__end_of_TMR2_OverflowCallbackRegister               text39       003B58
__end_of_UART1                                       smallconst   000831
__end_of_UART_Send_String                            text30       0033D2
__end_of___awdiv                                     text29       002EBA
__end_of___awmod                                     text28       002F6A
__end_of___fladd                                     text17       00175C
__end_of___fldiv                                     text21       001F20
__end_of___fleq                                      text20       003014
__end_of___flge                                      text19       002C2C
__end_of___flmul                                     text61       001B86
__end_of___flneg                                     text18       0037FC
__end_of___flsub                                     text16       003656
__end_of___fltol                                     text15       002A24
__end_of___fpclassifyf                               text14       002D2A
__end_of___wmul                                      text8        00399A
__end_of___xxtofl                                    text60       002620
__end_of__initialization                             cinit        0038C0
__end_of_abs                                         text27       003868
__end_of_dtoa                                        text22       00291E
__end_of_efgtoa                                      text9        00129C
__end_of_floorf                                      text13       00246C
__end_of_fputc                                       text25       0030BE
__end_of_fputs                                       text24       00371A
__end_of_i2c1_eventTable                             smallconst   000857
__end_of_labs                                        text12       0034E0
__end_of_main                                        text0        0027A4
__end_of_memcpy                                      text11       003530
__end_of_pad                                         text23       003374
__end_of_putch                                       text26       003BF8
__end_of_read_prec_or_width                          text7        003164
__end_of_sprintf                                     text3        0037C4
__end_of_stoa                                        text6        002B28
__end_of_strcpy                                      text10       003754
__end_of_update_PWM_duty_cycle                       text1        002DF6
__end_of_vfpfcnvrt                                   text5        00225A
__end_of_vfprintf                                    text4        003698
__initialization                                     cinit        00389C
__mediumconst                                        mediumconst  000000
__pbssBANK0                                          bssBANK0     0000D7
__pbssBANK1                                          bssBANK1     000100
__pbssCOMRAM                                         bssCOMRAM    000044
__pcinit                                             cinit        00389C
__pcstackBANK0                                       cstackBANK0  000060
__pcstackCOMRAM                                      cstackCOMRAM 000001
__pintcode                                           intcode      000008
__psmallconst                                        smallconst   000800
__ptext0                                             text0        002620
__ptext1                                             text1        002D2A
__ptext10                                            text10       00371A
__ptext11                                            text11       0034E0
__ptext12                                            text12       00348A
__ptext13                                            text13       00225A
__ptext14                                            text14       002C2C
__ptext15                                            text15       00291E
__ptext16                                            text16       003610
__ptext17                                            text17       00129C
__ptext18                                            text18       0037C4
__ptext19                                            text19       002B28
__ptext2                                             text2        003754
__ptext20                                            text20       002F6A
__ptext21                                            text21       001B86
__ptext22                                            text22       0027A4
__ptext23                                            text23       00330E
__ptext24                                            text24       0036DA
__ptext25                                            text25       003014
__ptext26                                            text26       003BF6
__ptext27                                            text27       003834
__ptext28                                            text28       002EBA
__ptext29                                            text29       002DF6
__ptext3                                             text3        00378C
__ptext30                                            text30       003374
__ptext31                                            text31       0039DE
__ptext32                                            text32       003B94
__ptext33                                            text33       003924
__ptext34                                            text34       0039FC
__ptext35                                            text35       003530
__ptext36                                            text36       003B44
__ptext37                                            text37       00399A
__ptext38                                            text38       003A18
__ptext39                                            text39       003B4E
__ptext4                                             text4        003656
__ptext40                                            text40       0035C8
__ptext41                                            text41       003868
__ptext42                                            text42       003B58
__ptext43                                            text43       003B62
__ptext44                                            text44       003B6C
__ptext45                                            text45       00394C
__ptext46                                            text46       003BAC
__ptext47                                            text47       003A34
__ptext48                                            text48       0037FC
__ptext49                                            text49       003A50
__ptext5                                             text5        001F20
[...]
__ptext84                                            text84       003BBE
__ptext85                                            text85       003ADC
__ptext86                                            text86       003BE6
__ptext87                                            text87       003BC4
__ptext88                                            text88       003BEA
__ptext89                                            text89       0038CE
__ptext9                                             text9        0008B4
__ptext90                                            text90       003BCA
__ptext91                                            text91       003BEE
__ptext92                                            text92       003BF2
__ptext93                                            text93       003BD0
__ptext94                                            text94       003BF8
__ramtop                                             ramtop       000800
__smallconst                                         smallconst   000800
_abs                                                 text27       003834
_dbuf                                                bssBANK1     000100
_dtoa                                                text22       0027A4
_dtoa$2865                                           cstackCOMRAM 000027
_efgtoa                                              text9        0008B4
_efgtoa$2896                                         cstackBANK0  00006C
_eusart1RxLastError                                  bssBANK0     0000EB
_flags                                               bssBANK0     0000F3
_floorf                                              text13       00225A
_fputc                                               text25       003014
_fputs                                               text24       0036DA
_i2c1Status                                          bssCOMRAM    000044
_i2c1_eventTable                                     smallconst   000845
_labs                                                text12       00348A
_main                                                text0        002620
_memcpy                                              text11       0034E0
_pad                                                 text23       00330E
_prec                                                bssBANK0     0000E1
_putch                                               text26       003BF6
_read_prec_or_width                                  text7        0030BE
_sprintf                                             text3        00378C
_stoa                                                text6        002A24
_strcpy                                              text10       00371A
_update_PWM_duty_cycle                               text1        002D2A
_vfpfcnvrt                                           text5        001F20
_vfprintf                                            text4        003656
_width                                               bssBANK0     0000DF
abs@a                                                cstackCOMRAM 000014
btemp                                                temp         000052
dtoa@d                                               cstackCOMRAM 000025
dtoa@fp                                              cstackCOMRAM 000024
dtoa@i                                               cstackCOMRAM 00002E
dtoa@p                                               cstackCOMRAM 00002B
dtoa@s                                               cstackCOMRAM 00002D
dtoa@w                                               cstackCOMRAM 000029
efgtoa@c                                             cstackBANK0  000065
efgtoa@d                                             cstackBANK0  000071
efgtoa@e                                             cstackBANK0  000075
efgtoa@f                                             cstackBANK0  000061
efgtoa@fp                                            cstackBANK0  000060
efgtoa@g                                             cstackBANK0  000088
efgtoa@h                                             cstackBANK0  00007F
efgtoa@i                                             cstackBANK0  00007D
efgtoa@l                                             cstackBANK0  000083
efgtoa@m                                             cstackBANK0  000073
efgtoa@mode                                          cstackBANK0  00006F
efgtoa@n                                             cstackBANK0  00008C
efgtoa@ne                                            cstackBANK0  000066
efgtoa@nmode                                         cstackBANK0  000070
efgtoa@ou                                            cstackBANK0  000079
efgtoa@p                                             cstackBANK0  000068
efgtoa@pp                                            cstackBANK0  00006E
efgtoa@sign                                          cstackBANK0  000087
efgtoa@t                                             cstackBANK0  00006A
efgtoa@u                                             cstackBANK0  00008E
efgtoa@w                                             cstackBANK0  000077
end_of_initialization                                cinit        0038C0
floorf@F521                                          bssBANK0     0000D7
floorf@e                                             cstackCOMRAM 000035
floorf@m                                             cstackCOMRAM 000031
floorf@u                                             cstackCOMRAM 000037
floorf@x                                             cstackCOMRAM 000027
fputc@c                                              cstackCOMRAM 00000E
fputc@fp                                             cstackCOMRAM 000010
fputs@c                                              cstackCOMRAM 000019
fputs@fp                                             cstackCOMRAM 000018
fputs@i                                              cstackCOMRAM 00001A
fputs@s                                              cstackCOMRAM 000016
int$flags                                            temp         000052
intlevel0                                            text         000000
intlevel1                                            text         000000
intlevel2                                            text         000000
intlevel3                                            text         000000
isa$std                                              (abs)        000001
isa$xinst                                            (abs)        000000
labs@a                                               cstackCOMRAM 00000E
main@batteryVoltage                                  cstackBANK0  0000D1
main@duty_cycle                                      cstackBANK0  0000CF
main@duty_cycle_str                                  cstackBANK0  0000CB
main@temp_str                                        cstackBANK0  0000B7
main@temperature                                     cstackBANK0  0000D3
main@voltage_str                                     cstackBANK0  0000C1
memcpy@d                                             cstackCOMRAM 000015
memcpy@d1                                            cstackCOMRAM 00000E
memcpy@n                                             cstackCOMRAM 000012
memcpy@s                                             cstackCOMRAM 000017
memcpy@s1                                            cstackCOMRAM 000010
memcpy@tmp                                           cstackCOMRAM 000014
pad@buf                                              cstackCOMRAM 00001D
pad@fp                                               cstackCOMRAM 00001C
pad@i                                                cstackCOMRAM 000022
pad@p                                                cstackCOMRAM 00001F
read_prec_or_width@ap                                cstackCOMRAM 000015
read_prec_or_width@c                                 cstackCOMRAM 000016
read_prec_or_width@fmt                               cstackCOMRAM 000014
read_prec_or_width@n                                 cstackCOMRAM 000017
sprintf@ap                                           cstackBANK0  0000A8
sprintf@f                                            cstackBANK0  0000A9
sprintf@fmt                                          cstackBANK0  0000A1
sprintf@s                                            cstackBANK0  0000A0
stackhi                                              (abs)        000000
stacklo                                              (abs)        000000
start                                                init         0000AC
start_initialization                                 cinit        00389C
stoa@cp                                              cstackCOMRAM 00001D
stoa@fp                                              cstackCOMRAM 000016
stoa@l                                               cstackCOMRAM 00001F
stoa@p                                               cstackCOMRAM 00001B
stoa@s                                               cstackCOMRAM 000017
strcpy@d                                             cstackCOMRAM 000012
strcpy@dest                                          cstackCOMRAM 00000E
strcpy@src                                           cstackCOMRAM 000010
ttemp5                                               temp         000053
ttemp6                                               temp         000056
ttemp7                                               temp         00005A
update_PWM_duty_cycle@duty_cycle                     cstackCOMRAM 000041
update_PWM_duty_cycle@temperature                    cstackBANK0  000060
vfpfcnvrt@ap                                         cstackBANK0  000094
vfpfcnvrt@c                                          cstackBANK0  00009A
vfpfcnvrt@convarg                                    cstackBANK0  000096
vfpfcnvrt@cp                                         cstackBANK0  00009B
vfpfcnvrt@done                                       cstackBANK0  000095
vfpfcnvrt@fmt                                        cstackBANK0  000093
vfpfcnvrt@fp                                         cstackBANK0  000092
vfprintf@ap                                          cstackBANK0  00009E
vfprintf@cfmt                                        cstackBANK0  00009F
vfprintf@fmt                                         cstackBANK0  00009D
vfprintf@fp                                          cstackBANK0  00009C
wtemp8                                               temp         000053


MODULE INFORMATION

Module		Function		Class		Link	Load	Size
C:\Program Files\Microchip\xc8\v2.46\pic\sources\c99\common\fltol.c
		___fltol       		CODE           	291E	0000	262

C:\Program Files\Microchip\xc8\v2.46\pic\sources\c99\common\fltol.c estimated size: 262

C:\Program Files\Microchip\xc8\v2.46\pic\sources\c99\common\floorf.c
		_floorf        		CODE           	225A	0000	530

C:\Program Files\Microchip\xc8\v2.46\pic\sources\c99\common\floorf.c estimated size: 530

C:\Program Files\Microchip\xc8\v2.46\pic\sources\c99\common\nf_fputc.c
		_fputc         		CODE           	3014	0000	170

C:\Program Files\Microchip\xc8\v2.46\pic\sources\c99\common\nf_fputc.c estimated size: 170

C:\Program Files\Microchip\xc8\v2.46\pic\sources\c99\common\awdiv.c
		___awdiv       		CODE           	2DF6	0000	196

C:\Program Files\Microchip\xc8\v2.46\pic\sources\c99\common\awdiv.c estimated size: 196

C:\Program Files\Microchip\xc8\v2.46\pic\sources\c99\common\xxtofl.c
		___xxtofl      		CODE           	246C	0000	436

C:\Program Files\Microchip\xc8\v2.46\pic\sources\c99\common\xxtofl.c estimated size: 436

C:\Program Files\Microchip\xc8\v2.46\pic\sources\c99\common\flneg.c
		___flneg       		CODE           	37C4	0000	56

C:\Program Files\Microchip\xc8\v2.46\pic\sources\c99\common\flneg.c estimated size: 56

mcc_generated_files/system/src/interrupt.c
		_INT0_SetInterruptHandler		CODE           	3B6C	0000	10
		_INT1_SetInterruptHandler		CODE           	3B62	0000	10
		_INT2_SetInterruptHandler		CODE           	3B58	0000	10
		_INTERRUPT_Initialize		CODE           	3868	0000	52
		_INTERRUPT_InterruptManager		CODE           	0008	0000	164

mcc_generated_files/system/src/interrupt.c estimated size: 246

mcc_generated_files/pwm/src/ccp2.c
		_CCP2_LoadDutyValue		CODE           	3754	0000	56
		_CCP2_Initialize		CODE           	3B02	0000	18

mcc_generated_files/pwm/src/ccp2.c estimated size: 74

C:\Program Files\Microchip\xc8\v2.46\pic\sources\c99\common\__fpclassifyf.c
		___fpclassifyf 		CODE           	2C2C	0000	254

C:\Program Files\Microchip\xc8\v2.46\pic\sources\c99\common\__fpclassifyf.c estimated size: 254

C:\Program Files\Microchip\xc8\v2.46\pic\sources\c99\common\sprcmul.c
		___flmul       		CODE           	175C	0000	1066

C:\Program Files\Microchip\xc8\v2.46\pic\sources\c99\common\sprcmul.c estimated size: 1066

C:\Program Files\Microchip\xc8\v2.46\pic\sources\c99\common\strcpy.c
		_strcpy        		CODE           	371A	0000	58

C:\Program Files\Microchip\xc8\v2.46\pic\sources\c99\common\strcpy.c estimated size: 58

mcc_generated_files/i2c_host/src/mssp1.c
		_I2C1_EVENT_SEND_WR_ADDR		CODE           	3B2C	0000	12
		_I2C1_Read     		CODE           	357C	0000	76
		_I2C1_NackSend 		CODE           	3BBE	0000	6
		_I2C1_ErrorEventHandler		CODE           	33D2	0000	92
		_I2C1_CallbackRegister		CODE           	3A34	0000	28
		_I2C1_EVENT_RESET		CODE           	3B14	0000	12
		_I2C1_EVENT_ERROR		CODE           	3B80	0000	10
		_I2C1_ErrorInterruptClear		CODE           	3BF2	0000	4
		_I2C1_StatusFlagsClear		CODE           	3BCA	0000	6
		_I2C1_InterruptsEnable		CODE           	3BAC	0000	6
		_I2C1_InterruptClear		CODE           	3BEE	0000	4
		_I2C1_WriteStart		CODE           	3B44	0000	10
		_I2C1_ReadStart		CODE           	3B76	0000	10
		_I2C1_EVENT_RX 		CODE           	329A	0000	116
		_I2C1_EVENT_TX 		CODE           	342E	0000	92
		_I2C1_ReceiveEnable		CODE           	3BE2	0000	4
		_I2C1_RestartEnable		CODE           	3BDA	0000	4
		_I2C1_ISR      		CODE           	3BB2	0000	6
		_I2C1_EventHandler		CODE           	3164	0000	156
		_I2C1_DataReceive		CODE           	3BE6	0000	4
		_I2C1_IsData   		CODE           	3AB4	0000	20
		_I2C1_IsNack   		CODE           	3AA0	0000	20
		_I2C1_IsAddr   		CODE           	3AC8	0000	20
		_I2C1_IsBusy   		CODE           	38FA	0000	42
		_I2C1_EVENT_IDLE		CODE           	3B9C	0000	8
		_I2C1_EVENT_NACK		CODE           	3B8A	0000	10
		_I2C1_EVENT_SEND_RD_ADDR		CODE           	3B38	0000	12
		_I2C1_EVENT_STOP		CODE           	3B20	0000	12
		_I2C1_BusReset 		CODE           	3BD0	0000	6
		_I2C1_Initialize		CODE           	394C	0000	40
		_I2C1_Close    		CODE           	38CE	0000	44
		_I2C1_ERROR_ISR		CODE           	3BB8	0000	6
		_I2C1_IsRxBufFull		CODE           	3ADC	0000	20
		_I2C1_Write    		CODE           	3530	0000	76
		_I2C1_StopSend 		CODE           	3BEA	0000	4
		_I2C1_RestartDisable		CODE           	3BDE	0000	4
		_I2C1_DataTransmit		CODE           	3BA4	0000	8
		_I2C1_AckSend  		CODE           	3BC4	0000	6
		_I2C1_DefaultCallback		CODE           	3BF8	0000	2
		_I2C1_StartSend		CODE           	3BD6	0000	4

mcc_generated_files/i2c_host/src/mssp1.c estimated size: 1022

C:\Program Files\Microchip\xc8\v2.46\pic\sources\c99\common\sprcdiv.c
		___fldiv       		CODE           	1B86	0000	922

C:\Program Files\Microchip\xc8\v2.46\pic\sources\c99\common\sprcdiv.c estimated size: 922

mcc_generated_files/adc/src/adc.c
		_ADC_Initialize		CODE           	3A88	0000	24
		_ADC_GetConversion		CODE           	3698	0000	66

mcc_generated_files/adc/src/adc.c estimated size: 90

C:\Program Files\Microchip\xc8\v2.46\pic\sources\c99\common\fleq.c
		___fleq        		CODE           	2F6A	0000	170

C:\Program Files\Microchip\xc8\v2.46\pic\sources\c99\common\fleq.c estimated size: 170

C:\Program Files\Microchip\xc8\v2.46\pic\sources\c99\common\doprnt.c
		_read_prec_or_width		CODE           	30BE	0000	166
		_vfpfcnvrt     		CODE           	1F20	0000	826
		_efgtoa        		CODE           	08B4	0000	2536
		_pad           		CODE           	330E	0000	102
		_dtoa          		CODE           	27A4	0000	378
		_vfprintf      		CODE           	3656	0000	66
		_stoa          		CODE           	2A24	0000	260

C:\Program Files\Microchip\xc8\v2.46\pic\sources\c99\common\doprnt.c estimated size: 4334

C:\Program Files\Microchip\xc8\v2.46\pic\sources\c99\common\nf_sprintf.c
		_sprintf       		CODE           	378C	0000	56

C:\Program Files\Microchip\xc8\v2.46\pic\sources\c99\common\nf_sprintf.c estimated size: 56

mcc_generated_files/system/src/pins.c
		_PIN_MANAGER_Initialize		CODE           	35C8	0000	72

mcc_generated_files/system/src/pins.c estimated size: 72

shared
		__initialization		CODE           	389C	0000	36
		_I2C1_Host     		SMALLCONST     	0831	0000	20
		_i2c1_eventTable		SMALLCONST     	0845	0000	18
		_UART1         		SMALLCONST     	0801	0000	48

shared estimated size: 122

C:\Program Files\Microchip\xc8\v2.46\pic\sources\c99\common\putch.c
		_putch         		CODE           	3BF6	0000	2

C:\Program Files\Microchip\xc8\v2.46\pic\sources\c99\common\putch.c estimated size: 2

C:\Program Files\Microchip\xc8\v2.46\pic\sources\c99\common\Umul16.c
		___wmul        		CODE           	3974	0000	38

C:\Program Files\Microchip\xc8\v2.46\pic\sources\c99\common\Umul16.c estimated size: 38

C:\Program Files\Microchip\xc8\v2.46\pic\sources\c99\common\nf_fputs.c
		_fputs         		CODE           	36DA	0000	64

C:\Program Files\Microchip\xc8\v2.46\pic\sources\c99\common\nf_fputs.c estimated size: 64

C:\Program Files\Microchip\xc8\v2.46\pic\sources\c99\common\sprcadd.c
		___flsub       		CODE           	3610	0000	70
		___fladd       		CODE           	129C	0000	1216

C:\Program Files\Microchip\xc8\v2.46\pic\sources\c99\common\sprcadd.c estimated size: 1286

C:\Program Files\Microchip\xc8\v2.46\pic\sources\c99\common\memcpy.c
		_memcpy        		CODE           	34E0	0000	80

C:\Program Files\Microchip\xc8\v2.46\pic\sources\c99\common\memcpy.c estimated size: 80

mcc_generated_files/timer/src/tmr2.c
		_TMR2_Initialize		CODE           	3A18	0000	28
		_TMR2_OverflowCallbackRegister		CODE           	3B4E	0000	10

mcc_generated_files/timer/src/tmr2.c estimated size: 38

mcc_generated_files/system/src/clock.c
		_CLOCK_Initialize		CODE           	3AF0	0000	18

mcc_generated_files/system/src/clock.c estimated size: 18

C:\Program Files\Microchip\xc8\v2.46\pic\sources\c99\common\labs.c
		_labs          		CODE           	348A	0000	86

C:\Program Files\Microchip\xc8\v2.46\pic\sources\c99\common\labs.c estimated size: 86

C:\Program Files\Microchip\xc8\v2.46\pic\sources\c99\common\abs.c
		_abs           		CODE           	3834	0000	52

C:\Program Files\Microchip\xc8\v2.46\pic\sources\c99\common\abs.c estimated size: 52

C:\Program Files\Microchip\xc8\v2.46\pic\sources\c99\common\awmod.c
		___awmod       		CODE           	2EBA	0000	176

C:\Program Files\Microchip\xc8\v2.46\pic\sources\c99\common\awmod.c estimated size: 176

main.c
		_update_PWM_duty_cycle		CODE           	2D2A	0000	204
		_SendCommand   		CODE           	39FC	0000	28
		_main          		CODE           	2620	0000	388
		_UART_Send_String		CODE           	3374	0000	94
		_ReadData      		CODE           	39BC	0000	34
		_LM35_GetTemperature		CODE           	3200	0000	154

main.c estimated size: 902

mcc_generated_files/uart/src/eusart1.c
		_EUSART1_Initialize		CODE           	37FC	0000	56
		_EUSART1_Send  		CODE           	39DE	0000	30
		_EUSART1_Write 		CODE           	3B94	0000	8
		_EUSART1_FramingErrorCallbackRegister		CODE           	3A6C	0000	28
		_EUSART1_IsTxReady		CODE           	3924	0000	40
		_EUSART1_OverrunErrorCallbackRegister		CODE           	3A50	0000	28

mcc_generated_files/uart/src/eusart1.c estimated size: 190

mcc_generated_files/system/src/system.c
		_SYSTEM_Initialize		CODE           	399A	0000	34

mcc_generated_files/system/src/system.c estimated size: 34

C:\Program Files\Microchip\xc8\v2.46\pic\sources\c99\common\flge.c
		___flge        		CODE           	2B28	0000	260

C:\Program Files\Microchip\xc8\v2.46\pic\sources\c99\common\flge.c estimated size: 260

